init a error 
init a error 
init a a a b a a b error 
