init a a a a b c d a a error
init a a a b b b c c c a a b a j j e d init c a error
