init a a a b b b b a c d b a init a a a b b b b a c d b a 
